// Jest Snapshot v1, https://goo.gl/fbAQLP

exports[`Test Films render Test Snapshot 1`] = `
Object {
  "asFragment": [Function],
  "baseElement": <body>
    <div>
      <div
        class="text-white text-center pt-2"
      >
        <div
          class="headline py-3"
        >
          <h4>
            Star Wars Status
          </h4>
          <div
            class="d-flex flex-wrap justify-content-around"
          >
            <div>
              <p
                class="h1 m-0"
              >
                0
              </p>
              films
            </div>
            <div>
              <p
                class="h1 m-0"
              >
                0
              </p>
              characters
            </div>
            <div>
              <p
                class="h1 m-0"
              >
                0
              </p>
              planets
            </div>
            <div>
              <p
                class="h1 m-0"
              >
                0
              </p>
              ships
            </div>
          </div>
        </div>
        <div
          class="d-flex flex-column align-items-center justify-content-between p-3 categories"
        >
          <h4>
            Choose category:
          </h4>
          <div
            class="d-flex justify-content-around w-100"
          >
            <button
              class="list-unstyled h5 btn btn-outline-info"
              type="button"
            >
              Planets
            </button>
            <button
              class="list-unstyled h5 btn btn-outline-info"
              type="button"
            >
              Characters
            </button>
            <button
              class="list-unstyled h5 btn btn-outline-info"
              type="button"
            >
              Ships
            </button>
          </div>
        </div>
        <input
          class="search w-75 text-center"
          placeholder="Search..."
          type="search"
        />
        <div
          class="w-100"
        />
      </div>
    </div>
  </body>,
  "container": <div>
    <div
      class="text-white text-center pt-2"
    >
      <div
        class="headline py-3"
      >
        <h4>
          Star Wars Status
        </h4>
        <div
          class="d-flex flex-wrap justify-content-around"
        >
          <div>
            <p
              class="h1 m-0"
            >
              0
            </p>
            films
          </div>
          <div>
            <p
              class="h1 m-0"
            >
              0
            </p>
            characters
          </div>
          <div>
            <p
              class="h1 m-0"
            >
              0
            </p>
            planets
          </div>
          <div>
            <p
              class="h1 m-0"
            >
              0
            </p>
            ships
          </div>
        </div>
      </div>
      <div
        class="d-flex flex-column align-items-center justify-content-between p-3 categories"
      >
        <h4>
          Choose category:
        </h4>
        <div
          class="d-flex justify-content-around w-100"
        >
          <button
            class="list-unstyled h5 btn btn-outline-info"
            type="button"
          >
            Planets
          </button>
          <button
            class="list-unstyled h5 btn btn-outline-info"
            type="button"
          >
            Characters
          </button>
          <button
            class="list-unstyled h5 btn btn-outline-info"
            type="button"
          >
            Ships
          </button>
        </div>
      </div>
      <input
        class="search w-75 text-center"
        placeholder="Search..."
        type="search"
      />
      <div
        class="w-100"
      />
    </div>
  </div>,
  "debug": [Function],
  "findAllByAltText": [Function],
  "findAllByDisplayValue": [Function],
  "findAllByLabelText": [Function],
  "findAllByPlaceholderText": [Function],
  "findAllByRole": [Function],
  "findAllByTestId": [Function],
  "findAllByText": [Function],
  "findAllByTitle": [Function],
  "findByAltText": [Function],
  "findByDisplayValue": [Function],
  "findByLabelText": [Function],
  "findByPlaceholderText": [Function],
  "findByRole": [Function],
  "findByTestId": [Function],
  "findByText": [Function],
  "findByTitle": [Function],
  "getAllByAltText": [Function],
  "getAllByDisplayValue": [Function],
  "getAllByLabelText": [Function],
  "getAllByPlaceholderText": [Function],
  "getAllByRole": [Function],
  "getAllByTestId": [Function],
  "getAllByText": [Function],
  "getAllByTitle": [Function],
  "getByAltText": [Function],
  "getByDisplayValue": [Function],
  "getByLabelText": [Function],
  "getByPlaceholderText": [Function],
  "getByRole": [Function],
  "getByTestId": [Function],
  "getByText": [Function],
  "getByTitle": [Function],
  "queryAllByAltText": [Function],
  "queryAllByDisplayValue": [Function],
  "queryAllByLabelText": [Function],
  "queryAllByPlaceholderText": [Function],
  "queryAllByRole": [Function],
  "queryAllByTestId": [Function],
  "queryAllByText": [Function],
  "queryAllByTitle": [Function],
  "queryByAltText": [Function],
  "queryByDisplayValue": [Function],
  "queryByLabelText": [Function],
  "queryByPlaceholderText": [Function],
  "queryByRole": [Function],
  "queryByTestId": [Function],
  "queryByText": [Function],
  "queryByTitle": [Function],
  "rerender": [Function],
  "unmount": [Function],
}
`;
