// Jest Snapshot v1, https://goo.gl/fbAQLP

exports[`Test Planets render Test Snapshot 1`] = `
Object {
  "asFragment": [Function],
  "baseElement": <body>
    <div>
      <div
        class="text-white pt-4 text-center"
      >
        <div
          class="ps-3 d-flex align-items-center"
        >
          <button
            class="h1"
            type="button"
          >
            ⇦
          </button>
          <h4
            class="ps-5 ms-5"
          >
            Planets
          </h4>
        </div>
        <input
          class="search w-75 text-center"
          placeholder="Search..."
          type="search"
        />
        <div
          class="d-flex flex-wrap w-100"
        />
      </div>
    </div>
  </body>,
  "container": <div>
    <div
      class="text-white pt-4 text-center"
    >
      <div
        class="ps-3 d-flex align-items-center"
      >
        <button
          class="h1"
          type="button"
        >
          ⇦
        </button>
        <h4
          class="ps-5 ms-5"
        >
          Planets
        </h4>
      </div>
      <input
        class="search w-75 text-center"
        placeholder="Search..."
        type="search"
      />
      <div
        class="d-flex flex-wrap w-100"
      />
    </div>
  </div>,
  "debug": [Function],
  "findAllByAltText": [Function],
  "findAllByDisplayValue": [Function],
  "findAllByLabelText": [Function],
  "findAllByPlaceholderText": [Function],
  "findAllByRole": [Function],
  "findAllByTestId": [Function],
  "findAllByText": [Function],
  "findAllByTitle": [Function],
  "findByAltText": [Function],
  "findByDisplayValue": [Function],
  "findByLabelText": [Function],
  "findByPlaceholderText": [Function],
  "findByRole": [Function],
  "findByTestId": [Function],
  "findByText": [Function],
  "findByTitle": [Function],
  "getAllByAltText": [Function],
  "getAllByDisplayValue": [Function],
  "getAllByLabelText": [Function],
  "getAllByPlaceholderText": [Function],
  "getAllByRole": [Function],
  "getAllByTestId": [Function],
  "getAllByText": [Function],
  "getAllByTitle": [Function],
  "getByAltText": [Function],
  "getByDisplayValue": [Function],
  "getByLabelText": [Function],
  "getByPlaceholderText": [Function],
  "getByRole": [Function],
  "getByTestId": [Function],
  "getByText": [Function],
  "getByTitle": [Function],
  "queryAllByAltText": [Function],
  "queryAllByDisplayValue": [Function],
  "queryAllByLabelText": [Function],
  "queryAllByPlaceholderText": [Function],
  "queryAllByRole": [Function],
  "queryAllByTestId": [Function],
  "queryAllByText": [Function],
  "queryAllByTitle": [Function],
  "queryByAltText": [Function],
  "queryByDisplayValue": [Function],
  "queryByLabelText": [Function],
  "queryByPlaceholderText": [Function],
  "queryByRole": [Function],
  "queryByTestId": [Function],
  "queryByText": [Function],
  "queryByTitle": [Function],
  "rerender": [Function],
  "unmount": [Function],
}
`;
